2026-10-01 23:57:09,210 - WARNING - [EPG映射] 所有 EPG 源均加载失败，将使用默认数字 ID
2026-10-01 23:57:10,926 - INFO - url: https://live.zbds.top/tv/iptv4.m3u 获取成功，判断为m3u格式
2026-10-01 23:57:10,927 - INFO - url: https://live.zbds.top/tv/iptv4.m3u 抓取成功，包含频道分类: 央视频道, 卫视频道, 电影频道, 数字频道, 儿童频道, 地方频道, 纪录频道, 体育频道, 解说频道, 音乐频道, 春晚频道, 直播中国, 更新时间
2026-10-01 23:57:11,231 - INFO - url: https://live.fanmingming.cn/tv/m3u/itv.m3u 获取成功，判断为m3u格式
2026-10-01 23:57:11,231 - INFO - url: https://live.fanmingming.cn/tv/m3u/itv.m3u 抓取成功，包含频道分类: 央视, 卫视, 地方, 其他, NewTV, SiTV, iHOT
2026-10-01 23:57:11,520 - INFO - url: https://raw.githubusercontent.com/Guovin/TV/gd/output/result.m3u 获取成功，判断为m3u格式
2026-10-01 23:57:11,522 - INFO - url: https://raw.githubusercontent.com/Guovin/TV/gd/output/result.m3u 抓取成功，包含频道分类: 🕘️更新时间, 📺央视频道, 💰央视付费频道, 📡卫视频道, ☘️广东频道, ☘️浙江频道, ☘️北京频道, ☘️上海频道, ☘️重庆频道, ☘️江苏频道, ☘️辽宁频道, ☘️湖南频道, ☘️湖北频道, ☘️广西频道, ☘️天津频道, ☘️四川频道, ☘️陕西频道, ☘️福建频道, ☘️海南频道, ☘️河南频道, ☘️河北频道, ☘️贵州频道, ☘️甘肃频道, ☘️新疆频道, ☘️山东频道, ☘️山西频道, ☘️安徽频道, ☘️宁夏频道, ☘️吉林频道, ☘️内蒙古频道, ☘️云南频道, ☘️青海频道, ☘️黑龙江频道, 🌊港·澳·台, 🎬电影频道, 🏀体育频道, 🪁动画频道, 🎮游戏频道, 🎵音乐频道, 🏛经典剧场
2026-10-01 23:57:11,628 - INFO - url: https://raw.githubusercontent.com/suxuang/myIPTV/main/ipv4.m3u 获取成功，判断为m3u格式
2026-10-01 23:57:11,630 - INFO - url: https://raw.githubusercontent.com/suxuang/myIPTV/main/ipv4.m3u 抓取成功，包含频道分类: 4K频道, 央视频道, 央视高清, 咪咕央视, 卫视频道, 备用频道, 移动IPTV, 数字频道, APTV专享, APTV专享" catchup="append" catchup-source="?playseek=${(b)yyyyMMddHHmmss}-${(e)yyyyMMddHHmmss}, APTV专享" tvg-logo="https://gcore.jsdelivr.net/gh/taksssss/tv/icon/北京纪实科教.png, 港澳代理, 港澳台频道, IHOT频道, NewTV频道, 咪咕赛事, 动画频道, 虎牙影视, 斗鱼影视, 电视剧频道, 埋堆堆频道, 点播电影, ☘️北京频道, ☘️上海频道, ☘️浙江频道, ☘️湖南频道, ☘️四川频道, ☘️辽宁频道, ☘️广东频道, ☘️江苏频道, ☘️河南频道, ☘️河北频道, ☘️陕西频道, ☘️安徽频道, ☘️湖北频道, ☘️福建频道, ☘️海南频道, ☘️黑龙江频道, ☘️内蒙古频道, 地方频道, 春晚频道, 国际频道
2026-10-01 23:57:11,758 - INFO - url: https://raw.githubusercontent.com/sammy0101/hk-iptv-auto/main/hk_live.m3u 获取成功，判断为m3u格式
2026-10-01 23:57:11,758 - INFO - url: https://raw.githubusercontent.com/sammy0101/hk-iptv-auto/main/hk_live.m3u 抓取成功，包含频道分类: Hong Kong
2026-10-01 23:57:11,936 - INFO - url: https://raw.githubusercontent.com/wfxllb/IPTV/main/custom.m3u 获取成功，判断为m3u格式
2026-10-01 23:57:11,936 - INFO - url: https://raw.githubusercontent.com/wfxllb/IPTV/main/custom.m3u 抓取成功，包含频道分类: 港·澳·台
2026-10-01 23:57:12,152 - INFO - [酒店源] 开始抓取...
2026-10-01 23:57:12,152 - WARNING - [酒店源] 未获取到节点数据
2026-10-01 23:57:12,153 - INFO - [酒店源] 合并完成，共添加 0 个 URL
2026-10-01 23:57:12,153 - INFO - [质量检测] 开始...
2026-10-01 23:57:12,153 - INFO - 开始质量检测，共 303 个 URL，并发数 80，HTTP 超时 3.5s，FFprobe 启用，超时 3.5s，深度探测启用，超时 5.0s，最小速度 2500kbps
2026-10-01 23:58:46,244 - INFO - 质量检测完成: 总计=230 通过=101 失败=60 超时=47 错误=22
2026-10-01 23:58:46,245 - INFO - 过滤后: 保留 132 个有效源，移除 147 个失效源
2026-10-01 23:58:46,245 - INFO - [黑名单建议] 以下域名检测频繁失败，可考虑加入 url_blacklist：
2026-10-01 23:58:46,245 - INFO -   http://gslbserv.itv.cmvideo.cn  失败次数=25  (failed=25)
2026-10-01 23:58:46,245 - INFO -   http://101.35.240.114:88  失败次数=10  (failed=10)
2026-10-01 23:58:46,245 - INFO -   http://iptv.huuc.edu.cn  失败次数=10  (timeout=10)
2026-10-01 23:58:46,245 - INFO -   https://zby.130519.xyz  失败次数=9  (error=9)
2026-10-01 23:58:46,245 - INFO -   http://112.27.235.94:8000  失败次数=8  (failed=8)
2026-10-01 23:58:46,245 - INFO -   http://iptv.4666888.xyz  失败次数=8  (timeout=8)
2026-10-01 23:58:46,245 - INFO -   http://43.152.224.209  失败次数=7  (timeout=7)
2026-10-01 23:58:46,245 - INFO -   http://175.8.28.207:9999  失败次数=5  (timeout=5)
2026-10-01 23:58:46,245 - INFO -   https://hls-gateway.vpstv.net  失败次数=5  (failed=5)
2026-10-01 23:58:46,245 - INFO -   http://php.jdshipin.com:8880  失败次数=5  (timeout=5)
2026-10-01 23:58:46,245 - INFO -   http://101.66.194.125:9901  失败次数=4  (timeout=4)
2026-10-01 23:58:46,245 - INFO -   http://api.kkitv.itv888.vip:8080  失败次数=4  (timeout=4)
2026-10-01 23:58:46,245 - INFO -   https://cdn6.163189.xyz  失败次数=3  (error=3)
2026-10-01 23:58:46,245 - INFO -   https://pull-l3-cny.douyincdn.com  失败次数=3  (timeout=3)
2026-10-01 23:58:46,245 - INFO -   http://t.061899.xyz  失败次数=2  (timeout=2)
2026-10-01 23:58:46,245 - INFO -   http://112.30.73.119:229  失败次数=2  (error=2)
2026-10-01 23:58:46,245 - INFO -   http://cdn.132.us.kg  失败次数=2  (error=2)
2026-10-01 23:58:46,245 - INFO -   https://cdn5.163189.xyz  失败次数=2  (failed=2)
2026-10-01 23:58:46,245 - INFO -   https://rthktv32-live.akamaized.net  失败次数=2  (failed=2)
2026-10-01 23:58:46,245 - INFO -   http://221.7.175.154:85  失败次数=2  (error=2)
2026-10-01 23:58:46,245 - INFO -   http://php.17186.eu.org  失败次数=2  (failed=1, timeout=1)
2026-10-01 23:58:46,245 - INFO -   https://stream1.freetv.fun  失败次数=2  (failed=2)
2026-10-01 23:58:46,245 - INFO -   http://live4play.uk  失败次数=2  (error=2)
2026-10-01 23:58:46,245 - INFO -   http://162.19.247.76:22222  失败次数=2  (timeout=2)
2026-10-01 23:58:46,245 - INFO -   http://112.30.73.119:9901  失败次数=1  (error=1)
2026-10-01 23:58:46,246 - INFO -   https://www.freetv.top  失败次数=1  (failed=1)
2026-10-01 23:58:46,246 - INFO -   http://[2409:8087:1a01:df::4077]  失败次数=1  (error=1)
2026-10-01 23:58:46,246 - INFO -   https://migu.188766.xyz  失败次数=1  (timeout=1)
2026-10-01 23:58:46,246 - INFO -   http://148.135.93.213  失败次数=1  (timeout=1)
2026-10-01 23:58:46,246 - INFO -   http://p.ytelc.com  失败次数=1  (failed=1)
2026-10-01 23:58:46,246 - INFO -   https://play-qukan.cztv.com  失败次数=1  (failed=1)
2026-10-01 23:58:46,246 - INFO -   http://cdn9.163189.xyz  失败次数=1  (timeout=1)
2026-10-01 23:58:46,246 - INFO -   https://rainews1-live.akamaized.net  失败次数=1  (failed=1)
2026-10-01 23:58:46,246 - INFO -   http://bxtv.3a.ink  失败次数=1  (timeout=1)
2026-10-01 23:58:46,246 - INFO -   http://rthktv32-live.akamaized.net  失败次数=1  (failed=1)
2026-10-01 23:58:46,246 - INFO -   https://live.tvfix.org  失败次数=1  (failed=1)
2026-10-01 23:58:46,246 - INFO -   http://ali.hlspull.yximgs.com  失败次数=1  (failed=1)
2026-10-01 23:58:46,246 - INFO -   http://mag.trexlive.me:80  失败次数=1  (error=1)
2026-10-01 23:58:46,246 - INFO -   https://php.jdshipin.com:2096  失败次数=1  (timeout=1)
2026-10-01 23:58:46,246 - INFO -   http://smt.1678520.xyz  失败次数=1  (failed=1)
2026-10-01 23:58:46,246 - INFO -   http://103.58.160.157:8278  失败次数=1  (timeout=1)
2026-10-01 23:58:46,246 - INFO -   http://mytv.cdn.com.mp  失败次数=1  (error=1)
2026-10-01 23:58:46,246 - INFO -   http://50.7.238.114:8278  失败次数=1  (timeout=1)
2026-10-01 23:58:46,246 - INFO -   http://31.43.191.125:8080  失败次数=1  (error=1)
2026-10-01 23:58:46,246 - INFO - [质量检测] 完成
2026-10-01 23:58:46,247 - INFO - [频道] 翡翠台 线路从 9 截断至 8
